// Jest Snapshot v1, https://goo.gl/fbAQLP

exports[`loads Provider 1`] = `<div />`;
